2026-05-05 Gmail error: ('invalid_grant: Bad Request', {'error': 'invalid_grant', 'error_description': 'Bad Request'})
2026-05-05 Notification sent — 24 items (23 new, 0 overdue, 1 high-miss)
2026-05-07 Gmail error: ('invalid_grant: Bad Request', {'error': 'invalid_grant', 'error_description': 'Bad Request'})
2026-05-07 Notification sent — 24 items (23 new, 0 overdue, 1 high-miss)
2026-05-09 Gmail error: ('invalid_grant: Bad Request', {'error': 'invalid_grant', 'error_description': 'Bad Request'})
2026-05-09 Notification sent — 24 items (23 new, 0 overdue, 1 high-miss)
2026-05-12 Gmail error: ('invalid_grant: Bad Request', {'error': 'invalid_grant', 'error_description': 'Bad Request'})
2026-05-12 Notification sent — 42 items (21 new, 20 overdue, 1 high-miss)
2026-05-14 Gmail error: ('invalid_grant: Bad Request', {'error': 'invalid_grant', 'error_description': 'Bad Request'})
2026-05-14 Notification sent — 42 items (21 new, 20 overdue, 1 high-miss)
2026-05-16 Gmail error: ('invalid_grant: Bad Request', {'error': 'invalid_grant', 'error_description': 'Bad Request'})
2026-05-16 Notification sent — 75 items (54 new, 20 overdue, 1 high-miss)
2026-05-17 [summary] Gmail error: ('invalid_grant: Bad Request', {'error': 'invalid_grant', 'error_description': 'Bad Request'})
2026-05-17 [summary] Summary sent — 2026-05-03 → 2026-05-17, 49 vocab, 4 topics, 1 quiz(zes)
2026-05-19 Gmail error: ('invalid_grant: Bad Request', {'error': 'invalid_grant', 'error_description': 'Bad Request'})
2026-05-19 Notification sent — 79 items (44 new, 34 overdue, 1 high-miss)
2026-08-01 Gmail error: ('invalid_grant: Bad Request', {'error': 'invalid_grant', 'error_description': 'Bad Request'})
2026-08-01 Notification sent — 62 items (17 new, 43 overdue, 2 high-miss)
2026-08-02 [summary] Gmail error: ('invalid_grant: Bad Request', {'error': 'invalid_grant', 'error_description': 'Bad Request'})
2026-08-02 [summary] Summary sent — 2026-05-17 → 2026-08-02, 123 vocab, 5 topics, 1 quiz(zes)
2026-08-04 Gmail error: ('invalid_grant: Bad Request', {'error': 'invalid_grant', 'error_description': 'Bad Request'})
2026-08-04 Notification sent — 62 items (17 new, 43 overdue, 2 high-miss)
2026-08-06 Gmail error: ('invalid_grant: Bad Request', {'error': 'invalid_grant', 'error_description': 'Bad Request'})
2026-08-06 Notification sent — 45 items (0 new, 43 overdue, 2 high-miss)
2026-08-08 Gmail error: HTTPSConnectionPool(host='oauth2.googleapis.com', port=443): Max retries exceeded with url: /token (Caused by NameResolutionError("HTTPSConnection(host='oauth2.googleapis.com', port=443): Failed to resolve 'oauth2.googleapis.com' ([Errno 8] nodename nor servname provided, or not known)"))
2026-08-08 Notification sent — 71 items (26 new, 43 overdue, 2 high-miss)
2026-08-11 Gmail error: ('invalid_grant: Bad Request', {'error': 'invalid_grant', 'error_description': 'Bad Request'})
2026-08-11 Notification sent — 72 items (26 new, 44 overdue, 2 high-miss)
2026-08-13 Gmail error: ('invalid_grant: Bad Request', {'error': 'invalid_grant', 'error_description': 'Bad Request'})
2026-08-13 Notification sent — 72 items (26 new, 44 overdue, 2 high-miss)
2026-08-15 Gmail error: ('invalid_grant: Bad Request', {'error': 'invalid_grant', 'error_description': 'Bad Request'})
2026-08-15 Notification sent — 972 items (926 new, 44 overdue, 2 high-miss)
2026-08-16 [summary] Gmail error: ('invalid_grant: Bad Request', {'error': 'invalid_grant', 'error_description': 'Bad Request'})
2026-08-16 [summary] Summary sent — 2026-08-02 → 2026-08-16, 20 vocab, 1 topics, 0 quiz(zes)
